[azim.commonsupport.com/Travio/index.html]
[backblue.gif]
[fade.gif]
[index.html]
[azim.commonsupport.com/Travio/assets/images/favicon.ico]
[azim.commonsupport.com/Travio/assets/css/font-awesome-all.css]
[azim.commonsupport.com/Travio/assets/css/flaticon.css]
[azim.commonsupport.com/Travio/assets/css/owl.css]
[azim.commonsupport.com/Travio/assets/css/jquery.fancybox.min.css]
[azim.commonsupport.com/Travio/assets/css/bootstrap.css]
[azim.commonsupport.com/Travio/assets/css/animate.css]
[azim.commonsupport.com/Travio/assets/css/nice-select.css]
[azim.commonsupport.com/Travio/assets/css/jquery-ui.css]
[azim.commonsupport.com/Travio/assets/css/color.css]
[azim.commonsupport.com/Travio/assets/css/style.css]
[azim.commonsupport.com/Travio/assets/css/responsive.css]
[azim.commonsupport.com/Travio/index-2.html]
[azim.commonsupport.com/Travio/assets/images/logo.png]
[azim.commonsupport.com/Travio/index-3.html]
[azim.commonsupport.com/Travio/index-4.html]
[azim.commonsupport.com/Travio/index-5.html]
[azim.commonsupport.com/Travio/index-onepage.html]
[azim.commonsupport.com/Travio/index-6.html]
[azim.commonsupport.com/Travio/index-rtl.html]
[azim.commonsupport.com/Travio/destination.html]
[azim.commonsupport.com/Travio/destination-2.html]
[azim.commonsupport.com/Travio/destination-details.html]
[azim.commonsupport.com/Travio/tour-1.html]
[azim.commonsupport.com/Travio/tour-2.html]
[azim.commonsupport.com/Travio/tour-details.html]
[azim.commonsupport.com/Travio/booking-1.html]
[azim.commonsupport.com/Travio/about.html]
[azim.commonsupport.com/Travio/tour-deals.html]
[azim.commonsupport.com/Travio/tour-guide.html]
[azim.commonsupport.com/Travio/gallery-2.html]
[azim.commonsupport.com/Travio/faq.html]
[azim.commonsupport.com/Travio/signup.html]
[azim.commonsupport.com/Travio/gallery-1.html]
[azim.commonsupport.com/Travio/login.html]
[azim.commonsupport.com/Travio/error.html]
[azim.commonsupport.com/Travio/about-element-1.html]
[azim.commonsupport.com/Travio/about-element-2.html]
[azim.commonsupport.com/Travio/feature-element-1.html]
[azim.commonsupport.com/Travio/about-element-3.html]
[azim.commonsupport.com/Travio/tour-element-1.html]
[azim.commonsupport.com/Travio/tour-element-2.html]
[azim.commonsupport.com/Travio/place-element-1.html]
[azim.commonsupport.com/Travio/place-element-2.html]
[azim.commonsupport.com/Travio/news-element-1.html]
[azim.commonsupport.com/Travio/news-element-2.html]
[azim.commonsupport.com/Travio/team-element-1.html]
[azim.commonsupport.com/Travio/team-element-2.html]
[azim.commonsupport.com/Travio/funfact-element.html]
[azim.commonsupport.com/Travio/video-element.html]
[azim.commonsupport.com/Travio/testimonial-element.html]
[azim.commonsupport.com/Travio/blog.html]
[azim.commonsupport.com/Travio/blog-2.html]
[azim.commonsupport.com/Travio/blog-details.html]
[azim.commonsupport.com/Travio/contact.html]
[azim.commonsupport.com/Travio/assets/images/logo-2.png]
[azim.commonsupport.com/Travio/assets/images/banner/banner-1.jpg]
[azim.commonsupport.com/Travio/assets/images/shape/shape-1.png]
[azim.commonsupport.com/Travio/assets/images/resource/feature-1.jpg]
[azim.commonsupport.com/Travio/assets/images/resource/feature-2.jpg]
[azim.commonsupport.com/Travio/assets/images/resource/feature-3.jpg]
[azim.commonsupport.com/Travio/assets/images/resource/feature-4.jpg]
[azim.commonsupport.com/Travio/assets/images/shape/shape-2.png]
[azim.commonsupport.com/Travio/assets/images/shape/shape-3.png]
[azim.commonsupport.com/Travio/assets/images/resource/about-1.jpg]
[azim.commonsupport.com/Travio/assets/images/resource/about-2.jpg]
[azim.commonsupport.com/Travio/assets/images/shape/shape-4.png]
[azim.commonsupport.com/Travio/assets/images/tour/tour-1.jpg]
[azim.commonsupport.com/Travio/assets/images/tour/tour-2.jpg]
[azim.commonsupport.com/Travio/assets/images/tour/tour-3.jpg]
[azim.commonsupport.com/Travio/assets/images/background/deals-1.jpg]
[azim.commonsupport.com/Travio/assets/images/icons/anim-icon-1.png]
[azim.commonsupport.com/Travio/assets/images/resource/place-1.jpg]
[azim.commonsupport.com/Travio/assets/images/resource/place-2.jpg]
[azim.commonsupport.com/Travio/assets/images/resource/place-3.jpg]
[azim.commonsupport.com/Travio/assets/images/resource/place-4.jpg]
[azim.commonsupport.com/Travio/assets/images/shape/map-1.png]
[azim.commonsupport.com/Travio/assets/images/icons/marker-1.png]
[azim.commonsupport.com/Travio/assets/images/shape/shape-5.png]
[azim.commonsupport.com/Travio/assets/images/shape/shape-6.png]
[azim.commonsupport.com/Travio/assets/images/shape/shape-8.png]
[azim.commonsupport.com/Travio/assets/images/icons/quote-1.png]
[azim.commonsupport.com/Travio/assets/images/resource/testimonial-1.png]
[azim.commonsupport.com/Travio/assets/images/resource/testimonial-2.png]
[azim.commonsupport.com/Travio/assets/images/resource/testimonial-3.png]
[azim.commonsupport.com/Travio/assets/images/background/video-1.jpg]
[azim.commonsupport.com/Travio/assets/images/shape/shape-10.png]
[azim.commonsupport.com/Travio/assets/images/news/news-1.jpg]
[azim.commonsupport.com/Travio/assets/images/news/news-2.jpg]
[azim.commonsupport.com/Travio/assets/images/news/news-3.jpg]
[azim.commonsupport.com/Travio/assets/images/shape/shape-11.png]
[azim.commonsupport.com/Travio/assets/images/footer-logo.png]
[azim.commonsupport.com/Travio/assets/images/resource/footer-gallery-1.jpg]
[azim.commonsupport.com/Travio/assets/images/resource/footer-gallery-2.jpg]
[azim.commonsupport.com/Travio/assets/images/resource/footer-gallery-3.jpg]
[azim.commonsupport.com/Travio/assets/images/resource/footer-gallery-4.jpg]
[azim.commonsupport.com/Travio/assets/images/resource/footer-gallery-5.jpg]
[azim.commonsupport.com/Travio/assets/images/resource/footer-gallery-6.jpg]
[azim.commonsupport.com/Travio/assets/js/popper.min.js]
[azim.commonsupport.com/Travio/assets/js/jquery.js]
[azim.commonsupport.com/Travio/assets/js/wow.js]
[azim.commonsupport.com/Travio/assets/js/owl.js]
[azim.commonsupport.com/Travio/assets/js/validation.js]
[azim.commonsupport.com/Travio/assets/js/appear.js]
[azim.commonsupport.com/Travio/assets/js/jquery.nice-select.min.js]
[azim.commonsupport.com/Travio/assets/js/scrollbar.js]
[azim.commonsupport.com/Travio/index.html]
[azim.commonsupport.com/Travio/assets/js/script.js]
[azim.commonsupport.com/Travio/assets/js/jquery.fancybox.js]
[azim.commonsupport.com/Travio/assets/fonts/fa-brands-400.woff2]
[azim.commonsupport.com/Travio/assets/js/jquery-ui.js]
[azim.commonsupport.com/Travio/assets/fonts/fa-brands-400.eot]
[azim.commonsupport.com/Travio/assets/fonts/fa-brands-400d41d.eot]
[azim.commonsupport.com/Travio/assets/fonts/fa-brands-400.svg]
[azim.commonsupport.com/Travio/assets/fonts/fa-light-300.woff2]
[azim.commonsupport.com/Travio/assets/fonts/fa-brands-400.ttf]
[azim.commonsupport.com/Travio/assets/fonts/fa-light-300.woff]
[azim.commonsupport.com/Travio/assets/fonts/fa-light-300.eot]
[azim.commonsupport.com/Travio/assets/fonts/fa-light-300d41d.eot]
[azim.commonsupport.com/Travio/assets/fonts/fa-regular-400.woff2]
[azim.commonsupport.com/Travio/assets/fonts/fa-light-300.svg]
[azim.commonsupport.com/Travio/assets/fonts/fa-light-300.ttf]
[azim.commonsupport.com/Travio/assets/fonts/fa-regular-400.woff]
[azim.commonsupport.com/Travio/assets/fonts/fa-regular-400.eot]
[azim.commonsupport.com/Travio/assets/fonts/fa-regular-400d41d.eot]
[azim.commonsupport.com/Travio/assets/fonts/fa-regular-400.svg]
[azim.commonsupport.com/Travio/assets/fonts/fa-solid-900.woff2]
[azim.commonsupport.com/Travio/assets/fonts/fa-regular-400.ttf]
[azim.commonsupport.com/Travio/assets/fonts/fa-solid-900.woff]
[azim.commonsupport.com/Travio/assets/fonts/fa-solid-900.eot]
[azim.commonsupport.com/Travio/assets/fonts/fa-solid-900d41d.eot]
[azim.commonsupport.com/Travio/assets/css/font-awesome-all.css]
[azim.commonsupport.com/Travio/assets/fonts/icomoon779b.eot]
[azim.commonsupport.com/Travio/assets/fonts/fa-solid-900.svg]
[azim.commonsupport.com/Travio/assets/fonts/icomoon779b.woff]
[azim.commonsupport.com/Travio/assets/fonts/icomoon779b.ttf]
[azim.commonsupport.com/Travio/assets/fonts/icomoon779b.svg]
[azim.commonsupport.com/Travio/assets/css/flaticon.css]
[azim.commonsupport.com/Travio/assets/css/owl.css]
[azim.commonsupport.com/Travio/assets/css/bootstrap.css]
[azim.commonsupport.com/Travio/assets/css/jquery.fancybox.min.css]
[azim.commonsupport.com/Travio/assets/css/animate.css]
[azim.commonsupport.com/Travio/assets/css/nice-select.css]
[azim.commonsupport.com/Travio/assets/images/icons/ui-bg_glass_75_dadada_1x400.png]
[azim.commonsupport.com/Travio/assets/fonts/fa-solid-900.ttf]
[azim.commonsupport.com/Travio/assets/images/icons/ui-icons_222222_256x240.png]
[azim.commonsupport.com/Travio/assets/images/icons/ui-icons_454545_256x240.png]
[azim.commonsupport.com/Travio/assets/css/jquery-ui.css]
[azim.commonsupport.com/Travio/assets/css/color.css]
[azim.commonsupport.com/Travio/assets/css/style.css]
[azim.commonsupport.com/Travio/assets/css/responsive.css]
[azim.commonsupport.com/Travio/index-2.html]
[azim.commonsupport.com/Travio/assets/images/logo-3.png]
[azim.commonsupport.com/Travio/assets/images/banner/banner-2.jpg]
[azim.commonsupport.com/Travio/assets/images/shape/shape-13.png]
[azim.commonsupport.com/Travio/assets/images/shape/shape-12.png]
[azim.commonsupport.com/Travio/assets/images/resource/about-3.jpg]
[azim.commonsupport.com/Travio/assets/images/resource/place-5.jpg]
[azim.commonsupport.com/Travio/assets/images/background/offer-1.jpg]
[azim.commonsupport.com/Travio/assets/images/resource/offer-2.jpg]
[azim.commonsupport.com/Travio/assets/images/resource/offer-3.jpg]
[azim.commonsupport.com/Travio/assets/images/shape/shape-14.png]
[azim.commonsupport.com/Travio/index-3.html]
[azim.commonsupport.com/Travio/assets/images/shape/shape-19.png]
[azim.commonsupport.com/Travio/assets/images/banner/banner-3.jpg]
[azim.commonsupport.com/Travio/assets/images/banner/banner-4.jpg]
[azim.commonsupport.com/Travio/assets/images/banner/banner-5.jpg]
[azim.commonsupport.com/Travio/assets/images/shape/shape-15.png]
[azim.commonsupport.com/Travio/assets/images/shape/shape-16.png]
[azim.commonsupport.com/Travio/assets/images/shape/shape-17.png]
[azim.commonsupport.com/Travio/assets/images/shape/shape-18.png]
[azim.commonsupport.com/Travio/assets/images/resource/about-4.jpg]
[azim.commonsupport.com/Travio/assets/images/resource/about-5.jpg]
[azim.commonsupport.com/Travio/assets/images/tour/tour-4.jpg]
[azim.commonsupport.com/Travio/assets/images/tour/tour-5.jpg]
[azim.commonsupport.com/Travio/assets/images/tour/tour-7.jpg]
[azim.commonsupport.com/Travio/assets/images/resource/place-6.jpg]
[azim.commonsupport.com/Travio/index-4.html]
[azim.commonsupport.com/Travio/assets/images/resource/place-8.jpg]
[azim.commonsupport.com/Travio/assets/images/banner/banner-6.jpg]
[azim.commonsupport.com/Travio/assets/images/shape/shape-20.png]
[azim.commonsupport.com/Travio/assets/images/background/deals-2.jpg]
[azim.commonsupport.com/Travio/assets/images/resource/deals-1.jpg]
[azim.commonsupport.com/Travio/assets/images/resource/deals-2.jpg]
[azim.commonsupport.com/Travio/assets/images/background/instagram-1.jpg]
[azim.commonsupport.com/Travio/assets/images/resource/instagram-2.jpg]
[azim.commonsupport.com/Travio/assets/images/resource/instagram-3.jpg]
[azim.commonsupport.com/Travio/assets/images/resource/instagram-4.jpg]
[azim.commonsupport.com/Travio/index-5.html]
[azim.commonsupport.com/Travio/assets/images/shape/shape-21.png]
[azim.commonsupport.com/Travio/assets/images/banner/banner-img-1.png]
[azim.commonsupport.com/Travio/assets/images/shape/shape-22.png]
[azim.commonsupport.com/Travio/assets/images/shape/shape-23.png]
[azim.commonsupport.com/Travio/assets/images/shape/shape-24.png]
[azim.commonsupport.com/Travio/index-6.html]
[azim.commonsupport.com/Travio/index-onepage.html]
[azim.commonsupport.com/Travio/assets/js/pagenav.js]
[azim.commonsupport.com/Travio/assets/css/rtl.css]
[azim.commonsupport.com/Travio/index-rtl.html]
[azim.commonsupport.com/Travio/assets/images/background/page-title.jpg]
[azim.commonsupport.com/Travio/assets/images/resource/place-9.jpg]
[azim.commonsupport.com/Travio/assets/images/resource/place-10.jpg]
[azim.commonsupport.com/Travio/assets/images/resource/place-11.jpg]
[azim.commonsupport.com/Travio/assets/images/resource/place-12.jpg]
[azim.commonsupport.com/Travio/destination.html]
[azim.commonsupport.com/Travio/assets/images/resource/place-13.jpg]
[azim.commonsupport.com/Travio/assets/images/resource/place-14.jpg]
[azim.commonsupport.com/Travio/destination-2.html]
[azim.commonsupport.com/Travio/assets/images/resource/destination-1.jpg]
[azim.commonsupport.com/Travio/assets/images/resource/destination-2.jpg]
[azim.commonsupport.com/Travio/assets/images/resource/destination-3.jpg]
[azim.commonsupport.com/Travio/assets/images/resource/destination-4.jpg]
[azim.commonsupport.com/Travio/assets/images/resource/destination-6.jpg]
[azim.commonsupport.com/Travio/assets/images/resource/destination-7.jpg]
[azim.commonsupport.com/Travio/assets/images/resource/destination-5.jpg]
[azim.commonsupport.com/Travio/assets/images/resource/destination-8.jpg]
[azim.commonsupport.com/Travio/assets/images/icons/map-marker.png]
[azim.commonsupport.com/Travio/assets/images/news/post-1.png]
[azim.commonsupport.com/Travio/assets/images/news/post-2.png]
[azim.commonsupport.com/Travio/assets/images/news/post-3.png]
[azim.commonsupport.com/Travio/assets/js/map-helper.js]
[azim.commonsupport.com/Travio/destination-details.html]
[azim.commonsupport.com/Travio/assets/images/tour/tour-8.jpg]
[azim.commonsupport.com/Travio/assets/js/gmaps.js]
[azim.commonsupport.com/Travio/assets/images/tour/tour-9.jpg]
[azim.commonsupport.com/Travio/assets/images/tour/tour-10.jpg]
[azim.commonsupport.com/Travio/assets/images/tour/tour-11.jpg]
[azim.commonsupport.com/Travio/assets/images/tour/tour-12.jpg]
[azim.commonsupport.com/Travio/assets/images/tour/tour-14.jpg]
[azim.commonsupport.com/Travio/assets/images/tour/tour-15.jpg]
[azim.commonsupport.com/Travio/assets/images/tour/tour-16.jpg]
[azim.commonsupport.com/Travio/assets/js/product-filter.js]
[azim.commonsupport.com/Travio/tour-1.html]
[azim.commonsupport.com/Travio/tour-2.html]
[azim.commonsupport.com/Travio/assets/images/background/page-title-3.jpg]
[azim.commonsupport.com/Travio/tour-details.html]
[azim.commonsupport.com/Travio/assets/images/team/team-2.jpg]
[azim.commonsupport.com/Travio/assets/images/team/team-1.jpg]
[azim.commonsupport.com/Travio/assets/images/team/team-3.jpg]
[azim.commonsupport.com/Travio/about.html]
[azim.commonsupport.com/Travio/assets/images/resource/sidebar-1.jpg]
[azim.commonsupport.com/Travio/booking-1.html]
[azim.commonsupport.com/Travio/assets/images/resource/offer-4.jpg]
[azim.commonsupport.com/Travio/assets/images/resource/offer-5.jpg]
[azim.commonsupport.com/Travio/assets/images/resource/offer-6.jpg]
[azim.commonsupport.com/Travio/tour-deals.html]
[azim.commonsupport.com/Travio/assets/images/background/page-title-4.jpg]
[azim.commonsupport.com/Travio/assets/images/team/team-4.jpg]
[azim.commonsupport.com/Travio/assets/images/team/team-5.jpg]
[azim.commonsupport.com/Travio/assets/images/team/team-6.jpg]
[azim.commonsupport.com/Travio/tour-guide.html]
[azim.commonsupport.com/Travio/assets/images/gallery/gallery-1.jpg]
[azim.commonsupport.com/Travio/assets/images/gallery/gallery-2.jpg]
[azim.commonsupport.com/Travio/assets/images/gallery/gallery-3.jpg]
[azim.commonsupport.com/Travio/assets/images/gallery/gallery-4.jpg]
[azim.commonsupport.com/Travio/assets/images/gallery/gallery-5.jpg]
[azim.commonsupport.com/Travio/assets/images/gallery/gallery-6.jpg]
[azim.commonsupport.com/Travio/assets/images/gallery/gallery-7.jpg]
[azim.commonsupport.com/Travio/assets/images/gallery/gallery-8.jpg]
[azim.commonsupport.com/Travio/assets/images/gallery/gallery-9.jpg]
[azim.commonsupport.com/Travio/gallery-1.html]
[azim.commonsupport.com/Travio/assets/images/background/page-title-5.jpg]
[azim.commonsupport.com/Travio/assets/images/gallery/gallery-10.jpg]
[azim.commonsupport.com/Travio/assets/images/gallery/gallery-11.jpg]
[azim.commonsupport.com/Travio/assets/images/gallery/gallery-12.jpg]
[azim.commonsupport.com/Travio/assets/images/gallery/gallery-13.jpg]
[azim.commonsupport.com/Travio/assets/images/gallery/gallery-15.jpg]
[azim.commonsupport.com/Travio/gallery-2.html]
[azim.commonsupport.com/Travio/faq.html]
[azim.commonsupport.com/Travio/signup.html]
[azim.commonsupport.com/Travio/login.html]
[azim.commonsupport.com/Travio/error.html]
[azim.commonsupport.com/Travio/about-element-1.html]
[azim.commonsupport.com/Travio/about-element-2.html]
[azim.commonsupport.com/Travio/about-element-3.html]
[azim.commonsupport.com/Travio/feature-element-1.html]
[azim.commonsupport.com/Travio/tour-element-1.html]
[azim.commonsupport.com/Travio/tour-element-2.html]
[azim.commonsupport.com/Travio/place-element-1.html]
[azim.commonsupport.com/Travio/place-element-2.html]
[azim.commonsupport.com/Travio/news-element-1.html]
[azim.commonsupport.com/Travio/news-element-2.html]
[azim.commonsupport.com/Travio/team-element-1.html]
[azim.commonsupport.com/Travio/team-element-2.html]
[azim.commonsupport.com/Travio/video-element.html]
[azim.commonsupport.com/Travio/feature-element-2.html]
[azim.commonsupport.com/Travio/funfact-element.html]
[azim.commonsupport.com/Travio/testimonial-element.html]
[azim.commonsupport.com/Travio/assets/images/news/news-4.jpg]
[azim.commonsupport.com/Travio/assets/images/news/news-5.jpg]
[azim.commonsupport.com/Travio/assets/images/news/news-6.jpg]
[azim.commonsupport.com/Travio/assets/images/news/news-7.jpg]
[azim.commonsupport.com/Travio/assets/images/news/news-8.jpg]
[azim.commonsupport.com/Travio/blog.html]
[azim.commonsupport.com/Travio/assets/images/news/news-9.jpg]
[azim.commonsupport.com/Travio/assets/images/news/news-10.jpg]
[azim.commonsupport.com/Travio/assets/images/news/news-11.jpg]
[azim.commonsupport.com/Travio/assets/images/news/news-12.jpg]
[azim.commonsupport.com/Travio/blog-2.html]
[azim.commonsupport.com/Travio/assets/images/news/comment-1.png]
[azim.commonsupport.com/Travio/assets/images/news/comment-3.png]
[azim.commonsupport.com/Travio/blog-details.html]
[azim.commonsupport.com/Travio/contact.html]
[azim.commonsupport.com/Travio/assets/images/shape/shape-9.png]
[azim.commonsupport.com/Travio/assets/images/shape/shape-7.png]
[azim.commonsupport.com/Travio/assets/fonts/fa-brands-400.woff]
[azim.commonsupport.com/Travio/assets/fonts/fa-brands-400.svg]
[azim.commonsupport.com/Travio/assets/js/bootstrap.min.js]
[azim.commonsupport.com/Travio/assets/fonts/fa-light-300.svg]
[azim.commonsupport.com/Travio/assets/fonts/fa-regular-400.svg]
[azim.commonsupport.com/Travio/assets/fonts/fa-solid-900.svg]
[azim.commonsupport.com/Travio/assets/fonts/icomoon779b.svg]
[azim.commonsupport.com/Travio/assets/css/owl.video.play.html]
[azim.commonsupport.com/Travio/assets/css/images/ui-bg_highlight-soft_75_cccccc_1x100.html]
[azim.commonsupport.com/Travio/assets/css/images/ui-bg_glass_75_e6e6e6_1x400.html]
[azim.commonsupport.com/Travio/assets/css/images/ui-bg_glass_65_ffffff_1x400.html]
[azim.commonsupport.com/Travio/assets/css/images/ui-bg_glass_55_fbf9ee_1x400.html]
[azim.commonsupport.com/Travio/assets/css/images/ui-bg_glass_95_fef1ec_1x400.html]
[azim.commonsupport.com/Travio/assets/images/icons/ui-icons_888888_256x240.html]
[azim.commonsupport.com/Travio/assets/images/icons/ui-icons_2e83ff_256x240.html]
[azim.commonsupport.com/Travio/assets/images/icons/ui-icons_cd0a0a_256x240.html]
[azim.commonsupport.com/Travio/assets/css/rtl.css]
[azim.commonsupport.com/Travio/assets/images/resource/place-7.jpg]
[azim.commonsupport.com/Travio/assets/images/resource/instagram-1.jpg]
[azim.commonsupport.com/Travio/assets/images/background/page-title-2.jpg]
[azim.commonsupport.com/Travio/assets/images/resource/advice-1.jpg]
[azim.commonsupport.com/Travio/assets/images/tour/tour-13.jpg]
[azim.commonsupport.com/Travio/assets/images/gallery/gallery-14.jpg]
[azim.commonsupport.com/Travio/book-appointment.html]
[azim.commonsupport.com/Travio/feature-element-2.html]
[azim.commonsupport.com/Travio/blog-details-2.html]
[azim.commonsupport.com/Travio/assets/images/news/news-13.jpg]
[azim.commonsupport.com/Travio/assets/images/news/comment-2.png]
[azim.commonsupport.com/Travio/assets/images/resource/offer-1.jpg]
[azim.commonsupport.com/Travio/assets/images/background/video-2.jpg]
[azim.commonsupport.com/Travio/assets/images/tour/tour-6.jpg]
